// Jest Snapshot v1, https://goo.gl/fbAQLP

exports[`DoubleBounceSpinner should match snapshot 1`] = `
<div
  className="DoubleBounceSpinner__Spinner-kwvmmk-0 kSrIIq"
  size={40}
>
  <div
    className="DoubleBounceSpinner__DoubleBounce-kwvmmk-1 gjvNJt"
    color="#4caad0"
  />
  <div
    className="DoubleBounceSpinner__DoubleBounce-kwvmmk-1 hvhqxi"
    color="#4caad0"
  />
</div>
`;
